2025-10-20 11:19:24,730 - __main__ - INFO - ============================================================
2025-10-20 11:19:24,731 - __main__ - INFO - Starting YouTube ETL Pipeline
2025-10-20 11:19:24,732 - __main__ - INFO - ============================================================
2025-10-20 11:19:24,734 - __main__ - INFO - Loading configuration files...
2025-10-20 11:19:24,736 - __main__ - INFO - ============================================================
2025-10-20 11:19:24,736 - __main__ - INFO - Phase 1: EXTRACT - Fetching data from YouTube API
2025-10-20 11:19:24,737 - __main__ - INFO - Target channels: 5
2025-10-20 11:19:24,738 - __main__ - INFO - Data types: channels, videos, comments
2025-10-20 11:19:24,738 - __main__ - INFO - ============================================================
2025-10-20 11:19:24,743 - googleapiclient.discovery_cache - INFO - file_cache is only supported with oauth2client<4.0.0
2025-10-20 11:19:24,921 - googleapiclient.discovery_cache - INFO - file_cache is only supported with oauth2client<4.0.0
2025-10-20 11:19:47,744 - __main__ - INFO - Successfully extracted data
2025-10-20 11:19:47,744 - __main__ - INFO - ============================================================
2025-10-20 11:19:47,744 - __main__ - INFO - Phase 2: TRANSFORM - Processing and cleaning data
2025-10-20 11:19:47,745 - __main__ - INFO - ============================================================
2025-10-20 11:19:47,967 - __main__ - INFO - Successfully transformed data
2025-10-20 11:19:47,967 - __main__ - INFO - ============================================================
2025-10-20 11:19:47,967 - __main__ - INFO - Phase 3: LOAD - Loading data to database
2025-10-20 11:19:47,968 - __main__ - INFO - ============================================================
2025-10-20 11:19:49,591 - __main__ - INFO - Successfully loaded data to database
2025-10-20 11:19:49,593 - __main__ - INFO - ============================================================
2025-10-20 11:19:49,593 - __main__ - INFO - ETL Pipeline completed successfully!
2025-10-20 11:19:49,595 - __main__ - INFO - Summary:
2025-10-20 11:19:49,596 - __main__ - INFO -   - Channels processed: 5
2025-10-20 11:19:49,599 - __main__ - INFO -   - Data types: channels, videos, comments
2025-10-20 11:19:49,600 - __main__ - INFO -   - Max results per request: 50
2025-10-20 11:19:49,601 - __main__ - INFO - ============================================================
